// Jest Snapshot v1, https://goo.gl/fbAQLP

exports[`snapshot matches the snapshot 1`] = `
<div
  className="App"
>
  <p>
    Hi
  </p>
  <footer>
    bye
  </footer>
</div>
`;
